; this file is the same as teste4.vts.expected but uses Windows CRLF line endings
(-1)
